
{"tool":"phpunit","result":"failed","tests":48,"passed":41,"assertions":172,"duration_ms":3630,"failed":6,"failures":[{"test":"Tests\\Feature\\AdminFinancialReportPageTest::test_non_owner_cannot_view_financial_report_route","file":"C:\\Users\\NOVIA\\Documents\\KULIAH\\SEMESTER_4\\SOFTDEV\\UAS\\Dapute\\tests\\Feature\\AdminFinancialReportPageTest.php","line":78,"message":"Expected response status code [404] but received 403.\nFailed asserting that 403 is identical to 404."},{"test":"Tests\\Feature\\AdminFinancialReportPageTest::test_owner_can_download_pdf_and_excel_reports_from_http_routes","file":"C:\\Users\\NOVIA\\Documents\\KULIAH\\SEMESTER_4\\SOFTDEV\\UAS\\Dapute\\tests\\Feature\\AdminFinancialReportPageTest.php","line":162,"message":"Expected response status code [200] but received 500.\nFailed asserting that 500 is identical to 200.\r\n\r\nThe following exception occurred during the last request:\n\nError: Class \"Barryvdh\\DomPDF\\Facade\\Pdf\" not found in C:\\Users\\NOVIA\\Documents\\KULIAH\\SEMESTER_4\\SOFTDEV\\UAS\\Dapute\\app\\Actions\\Reports\\ExportMonthlyFinancialReportAction.php:28\nStack trace:\n#0 C:\\Users\\NOVIA\\Documents\\KULIAH\\SEMESTER_4\\SOFTDEV\\UAS\\Dapute\\app\\Http\\Controllers\\Admin\\FinancialReportExportController.php(14): App\\Actions\\Reports\\ExportMonthlyFinancialReportAction->pdf(5, 2026)\n#1 C:\\Users\\NOVIA\\Documents\\KULIAH\\SEMESTER_4\\SOFTDEV\\UAS\\Dapute\\vendor\\laravel\\framework\\src\\Illuminate\\Routing\\ControllerDispatcher.php(46): App\\Http\\Controllers\\Admin\\FinancialReportExportController->pdf(Object(Illuminate\\Http\\Request), Object(App\\Actions\\Reports\\ExportMonthlyFinancialReportAction))\n#2 C:\\Users\\NOVIA\\Documents\\KULIAH\\SEMESTER_4\\SOFTDEV\\UAS\\Dapute\\vendor\\laravel\\framework\\src\\Illuminate\\Routing\\Route.php(269): Illuminate\\Routing\\ControllerDispatcher->dispatch(Object(Illuminate\\Routing\\Route), Object(App\\Http\\Controllers\\Admin\\FinancialReportExportController), 'pdf')\n#3 C:\\Users\\NOVIA\\Documents\\KULIAH\\SEMESTER_4\\SOFTDEV\\UAS\\Dapute\\vendor\\laravel\\framework\\src\\Illuminate\\Routing\\Route.php(215): Illuminate\\Routing\\Route->runController()\n#4 C:\\Users\\NOVIA\\Documents\\KULIAH\\SEMESTER_4\\SOFTDEV\\UAS\\Dapute\\vendor\\laravel\\framework\\src\\Illuminate\\Routing\\Router.php(822): Illuminate\\Routing\\Route->run()\n#5 C:\\Users\\NOVIA\\Documents\\KULIAH\\SEMESTER_4\\SOFTDEV\\UAS\\Dapute\\vendor\\laravel\\framework\\src\\Illuminate\\Pipeline\\Pipeline.php(180): Illuminate\\Routing\\Router->{closure:Illuminate\\Routing\\Router::runRouteWithinStack():821}(Object(Illuminate\\Http\\Request))\n#6 C:\\Users\\NOVIA\\Documents\\KULIAH\\SEMESTER_4\\SOFTDEV\\UAS\\Dapute\\app\\Http\\Middleware\\RoleAny.php(31): Illuminate\\Pipeline\\Pipeline->{closure:Illuminate\\Pipeline\\Pipeline::prepareDestination():178}(Object(Illuminate\\Http\\Request))\n#7 C:\\Users\\NOVIA\\Documents\\KULIAH\\SEMESTER_4\\SOFTDEV\\UAS\\Dapute\\vendor\\laravel\\framework\\src\\Illuminate\\Pipeline\\Pipeline.php(219): App\\Http\\Middleware\\RoleAny->handle(Object(Illuminate\\Http\\Request), Object(Closure), 'owner')\n#8 C:\\Users\\NOVIA\\Documents\\KULIAH\\SEMESTER_4\\SOFTDEV\\UAS\\Dapute\\vendor\\laravel\\framework\\src\\Illuminate\\Routing\\Middleware\\SubstituteBindings.php(52): Illuminate\\Pipeline\\Pipeline->{closure:{closure:Illuminate\\Pipeline\\Pipeline::carry():194}:195}(Object(Illuminate\\Http\\Request))\n#9 C:\\Users\\NOVIA\\Documents\\KULIAH\\SEMESTER_4\\SOFTDEV\\UAS\\Dapute\\vendor\\laravel\\framework\\src\\Illuminate\\Pipeline\\Pipeline.php(219): Illuminate\\Routing\\Middleware\\SubstituteBindings->handle(Object(Illuminate\\Http\\Request), Object(Closure))\n#10 C:\\Users\\NOVIA\\Documents\\KULIAH\\SEMESTER_4\\SOFTDEV\\UAS\\Dapute\\vendor\\laravel\\framework\\src\\Illuminate\\Foundation\\Http\\Middleware\\PreventRequestForgery.php(104): Illuminate\\Pipeline\\Pipeline->{closure:{closure:Illuminate\\Pipeline\\Pipeline::carry():194}:195}(Object(Illuminate\\Http\\Request))\n#11 C:\\Users\\NOVIA\\Documents\\KULIAH\\SEMESTER_4\\SOFTDEV\\UAS\\Dapute\\vendor\\laravel\\framework\\src\\Illuminate\\Pipeline\\Pipeline.php(219): Illuminate\\Foundation\\Http\\Middleware\\PreventRequestForgery->handle(Object(Illuminate\\Http\\Request), Object(Closure))\n#12 C:\\Users\\NOVIA\\Documents\\KULIAH\\SEMESTER_4\\SOFTDEV\\UAS\\Dapute\\vendor\\laravel\\framework\\src\\Illuminate\\View\\Middleware\\ShareErrorsFromSession.php(48): Illuminate\\Pipeline\\Pipeline->{closure:{closure:Illuminate\\Pipeline\\Pipeline::carry():194}:195}(Object(Illuminate\\Http\\Request))\n#13 C:\\Users\\NOVIA\\Documents\\KULIAH\\SEMESTER_4\\SOFTDEV\\UAS\\Dapute\\vendor\\laravel\\framework\\src\\Illuminate\\Pipeline\\Pipeline.php(219): Illuminate\\View\\Middleware\\ShareErrorsFromSession->handle(Object(Illuminate\\Http\\Request), Object(Closure))\n#14 C:\\Users\\NOVIA\\Documents\\KULIAH\\SEMESTER_4\\SOFTDEV\\UAS\\Dapute\\vendor\\laravel\\framework\\src\\Illuminate\\Session\\Middleware\\StartSession.php(120): Illuminate\\Pipeline\\Pipeline->{closure:{closure:Illuminate\\Pipeline\\Pipeline::carry():194}:195}(Object(Illuminate\\Http\\Request))\n#15 C:\\Users\\NOVIA\\Documents\\KULIAH\\SEMESTER_4\\SOFTDEV\\UAS\\Dapute\\vendor\\laravel\\framework\\src\\Illuminate\\Session\\Middleware\\StartSession.php(63): Illuminate\\Session\\Middleware\\StartSession->handleStatefulRequest(Object(Illuminate\\Http\\Request), Object(Illuminate\\Session\\Store), Object(Closure))\n#16 C:\\Users\\NOVIA\\Documents\\KULIAH\\SEMESTER_4\\SOFTDEV\\UAS\\Dapute\\vendor\\laravel\\framework\\src\\Illuminate\\Pipeline\\Pipeline.php(219): Illuminate\\Session\\Middleware\\StartSession->handle(Object(Illuminate\\Http\\Request), Object(Closure))\n#17 C:\\Users\\NOVIA\\Documents\\KULIAH\\SEMESTER_4\\SOFTDEV\\UAS\\Dapute\\vendor\\laravel\\framework\\src\\Illuminate\\Cookie\\Middleware\\AddQueuedCookiesToResponse.php(36): Illuminate\\Pipeline\\Pipeline->{closure:{closure:Illuminate\\Pipeline\\Pipeline::carry():194}:195}(Object(Illuminate\\Http\\Request))\n#18 C:\\Users\\NOVIA\\Documents\\KULIAH\\SEMESTER_4\\SOFTDEV\\UAS\\Dapute\\vendor\\laravel\\framework\\src\\Illuminate\\Pipeline\\Pipeline.php(219): Illuminate\\Cookie\\Middleware\\AddQueuedCookiesToResponse->handle(Object(Illuminate\\Http\\Request), Object(Closure))\n#19 C:\\Users\\NOVIA\\Documents\\KULIAH\\SEMESTER_4\\SOFTDEV\\UAS\\Dapute\\vendor\\laravel\\framework\\src\\Illuminate\\Cookie\\Middleware\\EncryptCookies.php(74): Illuminate\\Pipeline\\Pipeline->{closure:{closure:Illuminate\\Pipeline\\Pipeline::carry():194}:195}(Object(Illuminate\\Http\\Request))\n#20 C:\\Users\\NOVIA\\Documents\\KULIAH\\SEMESTER_4\\SOFTDEV\\UAS\\Dapute\\vendor\\laravel\\framework\\src\\Illuminate\\Pipeline\\Pipeline.php(219): Illuminate\\Cookie\\Middleware\\EncryptCookies->handle(Object(Illuminate\\Http\\Request), Object(Closure))\n#21 C:\\Users\\NOVIA\\Documents\\KULIAH\\SEMESTER_4\\SOFTDEV\\UAS\\Dapute\\vendor\\laravel\\framework\\src\\Illuminate\\Pipeline\\Pipeline.php(137): Illuminate\\Pipeline\\Pipeline->{closure:{closure:Illuminate\\Pipeline\\Pipeline::carry():194}:195}(Object(Illuminate\\Http\\Request))\n#22 C:\\Users\\NOVIA\\Documents\\KULIAH\\SEMESTER_4\\SOFTDEV\\UAS\\Dapute\\vendor\\laravel\\framework\\src\\Illuminate\\Routing\\Router.php(821): Illuminate\\Pipeline\\Pipeline->then(Object(Closure))\n#23 C:\\Users\\NOVIA\\Documents\\KULIAH\\SEMESTER_4\\SOFTDEV\\UAS\\Dapute\\vendor\\laravel\\framework\\src\\Illuminate\\Routing\\Router.php(800): Illuminate\\Routing\\Router->runRouteWithinStack(Object(Illuminate\\Routing\\Route), Object(Illuminate\\Http\\Request))\n#24 C:\\Users\\NOVIA\\Documents\\KULIAH\\SEMESTER_4\\SOFTDEV\\UAS\\Dapute\\vendor\\laravel\\framework\\src\\Illuminate\\Routing\\Router.php(764): Illuminate\\Routing\\Router->runRoute(Object(Illuminate\\Http\\Request), Object(Illuminate\\Routing\\Route))\n#25 C:\\Users\\NOVIA\\Documents\\KULIAH\\SEMESTER_4\\SOFTDEV\\UAS\\Dapute\\vendor\\laravel\\framework\\src\\Illuminate\\Routing\\Router.php(753): Illuminate\\Routing\\Router->dispatchToRoute(Object(Illuminate\\Http\\Request))\n#26 C:\\Users\\NOVIA\\Documents\\KULIAH\\SEMESTER_4\\SOFTDEV\\UAS\\Dapute\\vendor\\laravel\\framework\\src\\Illuminate\\Foundation\\Http\\Kernel.php(200): Illuminate\\Routing\\Router->dispatch(Object(Illuminate\\Http\\Request))\n#27 C:\\Users\\NOVIA\\Documents\\KULIAH\\SEMESTER_4\\SOFTDEV\\UAS\\Dapute\\vendor\\laravel\\framework\\src\\Illuminate\\Pipeline\\Pipeline.php(180): Illuminate\\Foundation\\Http\\Kernel->{closure:Illuminate\\Foundation\\Http\\Kernel::dispatchToRouter():197}(Object(Illuminate\\Http\\Request))\n#28 C:\\Users\\NOVIA\\Documents\\KULIAH\\SEMESTER_4\\SOFTDEV\\UAS\\Dapute\\vendor\\livewire\\livewire\\src\\Features\\SupportDisablingBackButtonCache\\DisableBackButtonCacheMiddleware.php(19): Illuminate\\Pipeline\\Pipeline->{closure:Illuminate\\Pipeline\\Pipeline::prepareDestination():178}(Object(Illuminate\\Http\\Request))\n#29 C:\\Users\\NOVIA\\Documents\\KULIAH\\SEMESTER_4\\SOFTDEV\\UAS\\Dapute\\vendor\\laravel\\framework\\src\\Illuminate\\Pipeline\\Pipeline.php(219): Livewire\\Features\\SupportDisablingBackButtonCache\\DisableBackButtonCacheMiddleware->handle(Object(Illuminate\\Http\\Request), Object(Closure))\n#30 C:\\Users\\NOVIA\\Documents\\KULIAH\\SEMESTER_4\\SOFTDEV\\UAS\\Dapute\\vendor\\laravel\\framework\\src\\Illuminate\\Foundation\\Http\\Middleware\\TransformsRequest.php(21): Illuminate\\Pipeline\\Pipeline->{closure:{closure:Illuminate\\Pipeline\\Pipeline::carry():194}:195}(Object(Illuminate\\Http\\Request))\n#31 C:\\Users\\NOVIA\\Documents\\KULIAH\\SEMESTER_4\\SOFTDEV\\UAS\\Dapute\\vendor\\laravel\\framework\\src\\Illuminate\\Foundation\\Http\\Middleware\\ConvertEmptyStringsToNull.php(31): Illuminate\\Foundation\\Http\\Middleware\\TransformsRequest->handle(Object(Illuminate\\Http\\Request), Object(Closure))\n#32 C:\\Users\\NOVIA\\Documents\\KULIAH\\SEMESTER_4\\SOFTDEV\\UAS\\Dapute\\vendor\\laravel\\framework\\src\\Illuminate\\Pipeline\\Pipeline.php(219): Illuminate\\Foundation\\Http\\Middleware\\ConvertEmptyStringsToNull->handle(Object(Illuminate\\Http\\Request), Object(Closure))\n#33 C:\\Users\\NOVIA\\Documents\\KULIAH\\SEMESTER_4\\SOFTDEV\\UAS\\Dapute\\vendor\\laravel\\framework\\src\\Illuminate\\Foundation\\Http\\Middleware\\TransformsRequest.php(21): Illuminate\\Pipeline\\Pipeline->{closure:{closure:Illuminate\\Pipeline\\Pipeline::carry():194}:195}(Object(Illuminate\\Http\\Request))\n#34 C:\\Users\\NOVIA\\Documents\\KULIAH\\SEMESTER_4\\SOFTDEV\\UAS\\Dapute\\vendor\\laravel\\framework\\src\\Illuminate\\Foundation\\Http\\Middleware\\TrimStrings.php(51): Illuminate\\Foundation\\Http\\Middleware\\TransformsRequest->handle(Object(Illuminate\\Http\\Request), Object(Closure))\n#35 C:\\Users\\NOVIA\\Documents\\KULIAH\\SEMESTER_4\\SOFTDEV\\UAS\\Dapute\\vendor\\laravel\\framework\\src\\Illuminate\\Pipeline\\Pipeline.php(219): Illuminate\\Foundation\\Http\\Middleware\\TrimStrings->handle(Object(Illuminate\\Http\\Request), Object(Closure))\n#36 C:\\Users\\NOVIA\\Documents\\KULIAH\\SEMESTER_4\\SOFTDEV\\UAS\\Dapute\\vendor\\laravel\\framework\\src\\Illuminate\\Http\\Middleware\\ValidatePostSize.php(27): Illuminate\\Pipeline\\Pipeline->{closure:{closure:Illuminate\\Pipeline\\Pipeline::carry():194}:195}(Object(Illuminate\\Http\\Request))\n#37 C:\\Users\\NOVIA\\Documents\\KULIAH\\SEMESTER_4\\SOFTDEV\\UAS\\Dapute\\vendor\\laravel\\framework\\src\\Illuminate\\Pipeline\\Pipeline.php(219): Illuminate\\Http\\Middleware\\ValidatePostSize->handle(Object(Illuminate\\Http\\Request), Object(Closure))\n#38 C:\\Users\\NOVIA\\Documents\\KULIAH\\SEMESTER_4\\SOFTDEV\\UAS\\Dapute\\vendor\\laravel\\framework\\src\\Illuminate\\Foundation\\Http\\Middleware\\PreventRequestsDuringMaintenance.php(109): Illuminate\\Pipeline\\Pipeline->{closure:{closure:Illuminate\\Pipeline\\Pipeline::carry():194}:195}(Object(Illuminate\\Http\\Request))\n#39 C:\\Users\\NOVIA\\Documents\\KULIAH\\SEMESTER_4\\SOFTDEV\\UAS\\Dapute\\vendor\\laravel\\framework\\src\\Illuminate\\Pipeline\\Pipeline.php(219): Illuminate\\Foundation\\Http\\Middleware\\PreventRequestsDuringMaintenance->handle(Object(Illuminate\\Http\\Request), Object(Closure))\n#40 C:\\Users\\NOVIA\\Documents\\KULIAH\\SEMESTER_4\\SOFTDEV\\UAS\\Dapute\\vendor\\laravel\\framework\\src\\Illuminate\\Http\\Middleware\\HandleCors.php(61): Illuminate\\Pipeline\\Pipeline->{closure:{closure:Illuminate\\Pipeline\\Pipeline::carry():194}:195}(Object(Illuminate\\Http\\Request))\n#41 C:\\Users\\NOVIA\\Documents\\KULIAH\\SEMESTER_4\\SOFTDEV\\UAS\\Dapute\\vendor\\laravel\\framework\\src\\Illuminate\\Pipeline\\Pipeline.php(219): Illuminate\\Http\\Middleware\\HandleCors->handle(Object(Illuminate\\Http\\Request), Object(Closure))\n#42 C:\\Users\\NOVIA\\Documents\\KULIAH\\SEMESTER_4\\SOFTDEV\\UAS\\Dapute\\vendor\\laravel\\framework\\src\\Illuminate\\Http\\Middleware\\TrustProxies.php(58): Illuminate\\Pipeline\\Pipeline->{closure:{closure:Illuminate\\Pipeline\\Pipeline::carry():194}:195}(Object(Illuminate\\Http\\Request))\n#43 C:\\Users\\NOVIA\\Documents\\KULIAH\\SEMESTER_4\\SOFTDEV\\UAS\\Dapute\\vendor\\laravel\\framework\\src\\Illuminate\\Pipeline\\Pipeline.php(219): Illuminate\\Http\\Middleware\\TrustProxies->handle(Object(Illuminate\\Http\\Request), Object(Closure))\n#44 C:\\Users\\NOVIA\\Documents\\KULIAH\\SEMESTER_4\\SOFTDEV\\UAS\\Dapute\\vendor\\laravel\\framework\\src\\Illuminate\\Foundation\\Http\\Middleware\\InvokeDeferredCallbacks.php(22): Illuminate\\Pipeline\\Pipeline->{closure:{closure:Illuminate\\Pipeline\\Pipeline::carry():194}:195}(Object(Illuminate\\Http\\Request))\n#45 C:\\Users\\NOVIA\\Documents\\KULIAH\\SEMESTER_4\\SOFTDEV\\UAS\\Dapute\\vendor\\laravel\\framework\\src\\Illuminate\\Pipeline\\Pipeline.php(219): Illuminate\\Foundation\\Http\\Middleware\\InvokeDeferredCallbacks->handle(Object(Illuminate\\Http\\Request), Object(Closure))\n#46 C:\\Users\\NOVIA\\Documents\\KULIAH\\SEMESTER_4\\SOFTDEV\\UAS\\Dapute\\vendor\\laravel\\framework\\src\\Illuminate\\Http\\Middleware\\ValidatePathEncoding.php(28): Illuminate\\Pipeline\\Pipeline->{closure:{closure:Illuminate\\Pipeline\\Pipeline::carry():194}:195}(Object(Illuminate\\Http\\Request))\n#47 C:\\Users\\NOVIA\\Documents\\KULIAH\\SEMESTER_4\\SOFTDEV\\UAS\\Dapute\\vendor\\laravel\\framework\\src\\Illuminate\\Pipeline\\Pipeline.php(219): Illuminate\\Http\\Middleware\\ValidatePathEncoding->handle(Object(Illuminate\\Http\\Request), Object(Closure))\n#48 C:\\Users\\NOVIA\\Documents\\KULIAH\\SEMESTER_4\\SOFTDEV\\UAS\\Dapute\\vendor\\laravel\\framework\\src\\Illuminate\\Pipeline\\Pipeline.php(137): Illuminate\\Pipeline\\Pipeline->{closure:{closure:Illuminate\\Pipeline\\Pipeline::carry():194}:195}(Object(Illuminate\\Http\\Request))\n#49 C:\\Users\\NOVIA\\Documents\\KULIAH\\SEMESTER_4\\SOFTDEV\\UAS\\Dapute\\vendor\\laravel\\framework\\src\\Illuminate\\Foundation\\Http\\Kernel.php(175): Illuminate\\Pipeline\\Pipeline->then(Object(Closure))\n#50 C:\\Users\\NOVIA\\Documents\\KULIAH\\SEMESTER_4\\SOFTDEV\\UAS\\Dapute\\vendor\\laravel\\framework\\src\\Illuminate\\Foundation\\Http\\Kernel.php(144): Illuminate\\Foundation\\Http\\Kernel->sendRequestThroughRouter(Object(Illuminate\\Http\\Request))\n#51 C:\\Users\\NOVIA\\Documents\\KULIAH\\SEMESTER_4\\SOFTDEV\\UAS\\Dapute\\vendor\\laravel\\framework\\src\\Illuminate\\Foundation\\Testing\\Concerns\\MakesHttpRequests.php(607): Illuminate\\Foundation\\Http\\Kernel->handle(Object(Illuminate\\Http\\Request))\n#52 C:\\Users\\NOVIA\\Documents\\KULIAH\\SEMESTER_4\\SOFTDEV\\UAS\\Dapute\\vendor\\laravel\\framework\\src\\Illuminate\\Foundation\\Testing\\Concerns\\MakesHttpRequests.php(368): Illuminate\\Foundation\\Testing\\TestCase->call('GET', '/admin/reports/..', Array, Array, Array, Array)\n#53 C:\\Users\\NOVIA\\Documents\\KULIAH\\SEMESTER_4\\SOFTDEV\\UAS\\Dapute\\tests\\Feature\\AdminFinancialReportPageTest.php(167): Illuminate\\Foundation\\Testing\\TestCase->get('/admin/reports/..')\n#54 C:\\Users\\NOVIA\\Documents\\KULIAH\\SEMESTER_4\\SOFTDEV\\UAS\\Dapute\\vendor\\phpunit\\phpunit\\src\\Framework\\TestCase.php(1310): Tests\\Feature\\AdminFinancialReportPageTest->test_owner_can_download_pdf_and_excel_reports_from_http_routes()\n#55 C:\\Users\\NOVIA\\Documents\\KULIAH\\SEMESTER_4\\SOFTDEV\\UAS\\Dapute\\vendor\\phpunit\\phpunit\\src\\Framework\\TestCase.php(1344): PHPUnit\\Framework\\TestCase->invokeTestMethod('test_owner_can_..', Array)\n#56 C:\\Users\\NOVIA\\Documents\\KULIAH\\SEMESTER_4\\SOFTDEV\\UAS\\Dapute\\vendor\\phpunit\\phpunit\\src\\Framework\\TestCase.php(520): PHPUnit\\Framework\\TestCase->runTest()\n#57 C:\\Users\\NOVIA\\Documents\\KULIAH\\SEMESTER_4\\SOFTDEV\\UAS\\Dapute\\vendor\\phpunit\\phpunit\\src\\Framework\\TestRunner\\TestRunner.php(99): PHPUnit\\Framework\\TestCase->runBare()\n#58 C:\\Users\\NOVIA\\Documents\\KULIAH\\SEMESTER_4\\SOFTDEV\\UAS\\Dapute\\vendor\\phpunit\\phpunit\\src\\Framework\\TestCase.php(360): PHPUnit\\Framework\\TestRunner->run(Object(Tests\\Feature\\AdminFinancialReportPageTest))\n#59 C:\\Users\\NOVIA\\Documents\\KULIAH\\SEMESTER_4\\SOFTDEV\\UAS\\Dapute\\vendor\\phpunit\\phpunit\\src\\Framework\\TestSuite.php(374): PHPUnit\\Framework\\TestCase->run()\n#60 C:\\Users\\NOVIA\\Documents\\KULIAH\\SEMESTER_4\\SOFTDEV\\UAS\\Dapute\\vendor\\phpunit\\phpunit\\src\\Framework\\TestSuite.php(374): PHPUnit\\Framework\\TestSuite->run()\n#61 C:\\Users\\NOVIA\\Documents\\KULIAH\\SEMESTER_4\\SOFTDEV\\UAS\\Dapute\\vendor\\phpunit\\phpunit\\src\\Framework\\TestSuite.php(374): PHPUnit\\Framework\\TestSuite->run()\n#62 C:\\Users\\NOVIA\\Documents\\KULIAH\\SEMESTER_4\\SOFTDEV\\UAS\\Dapute\\vendor\\phpunit\\phpunit\\src\\TextUI\\TestRunner.php(64): PHPUnit\\Framework\\TestSuite->run()\n#63 C:\\Users\\NOVIA\\Documents\\KULIAH\\SEMESTER_4\\SOFTDEV\\UAS\\Dapute\\vendor\\phpunit\\phpunit\\src\\TextUI\\Application.php(229): PHPUnit\\TextUI\\TestRunner->run(Object(PHPUnit\\TextUI\\Configuration\\Configuration), Object(PHPUnit\\Runner\\ResultCache\\DefaultResultCache), Object(PHPUnit\\Framework\\TestSuite))\n#64 C:\\Users\\NOVIA\\Documents\\KULIAH\\SEMESTER_4\\SOFTDEV\\UAS\\Dapute\\vendor\\phpunit\\phpunit\\phpunit(104): PHPUnit\\TextUI\\Application->run(Array)\n#65 {main}\n\n----------------------------------------------------------------------------------\n\nClass \"Barryvdh\\DomPDF\\Facade\\Pdf\" not found"},{"test":"Tests\\Feature\\AdminOrderQueueTest::test_customer_access_to_admin_order_queue_returns_not_found","file":"C:\\Users\\NOVIA\\Documents\\KULIAH\\SEMESTER_4\\SOFTDEV\\UAS\\Dapute\\tests\\Feature\\AdminOrderQueueTest.php","line":100,"message":"Expected response status code [404] but received 403.\nFailed asserting that 403 is identical to 404."},{"test":"Tests\\Feature\\AdminOrderQueueTest::test_guest_access_to_admin_users_returns_not_found","file":"C:\\Users\\NOVIA\\Documents\\KULIAH\\SEMESTER_4\\SOFTDEV\\UAS\\Dapute\\tests\\Feature\\AdminOrderQueueTest.php","line":107,"message":"Expected response status code [404] but received 302.\nFailed asserting that 302 is identical to 404."},{"test":"Tests\\Feature\\AdminOrderQueueTest::test_staff_cannot_access_owner_only_admin_pages","file":"C:\\Users\\NOVIA\\Documents\\KULIAH\\SEMESTER_4\\SOFTDEV\\UAS\\Dapute\\tests\\Feature\\AdminOrderQueueTest.php","line":112,"message":"Expected response status code [404] but received 403.\nFailed asserting that 403 is identical to 404."},{"test":"Tests\\Feature\\NotFoundPageTest::test_customer_admin_access_renders_not_found_page","file":"C:\\Users\\NOVIA\\Documents\\KULIAH\\SEMESTER_4\\SOFTDEV\\UAS\\Dapute\\tests\\Feature\\NotFoundPageTest.php","line":40,"message":"Expected response status code [404] but received 403.\nFailed asserting that 403 is identical to 404."}],"errors":1,"error_details":[{"test":"Tests\\Feature\\AdminFinancialReportPageTest::test_owner_can_download_pdf_and_excel_reports_with_expected_filename","file":"C:\\Users\\NOVIA\\Documents\\KULIAH\\SEMESTER_4\\SOFTDEV\\UAS\\Dapute\\tests\\Feature\\AdminFinancialReportPageTest.php","line":148,"message":"Class \"Barryvdh\\DomPDF\\Facade\\Pdf\" not found"}]}
